eroad [["smartrecruiters", 200, "https://api.smartrecruiters.com/v1/companies/eroad/postings", 52]]
equitybee [["smartrecruiters", 200, "https://api.smartrecruiters.com/v1/companies/equitybee/postings", 52]]
ericsson [["smartrecruiters", 200, "https://api.smartrecruiters.com/v1/companies/ericsson/postings", 52]]
etsy [["smartrecruiters", 200, "https://api.smartrecruiters.com/v1/companies/etsy/postings", 52]]
eurora [["smartrecruiters", 200, "https://api.smartrecruiters.com/v1/companies/eurora/postings", 52]]
eruditus [["smartrecruiters", 200, "https://api.smartrecruiters.com/v1/companies/eruditus/postings", 52]]
eucalyptus [["greenhouse", 200, "https://boards-api.greenhouse.io/v1/boards/eucalyptus/jobs?content=true", 1265305], ["smartrecruiters", 200, "https://api.smartrecruiters.com/v1/companies/eucalyptus/postings", 52]]
esme-learning [["smartrecruiters", 200, "https://api.smartrecruiters.com/v1/companies/esme-learning/postings", 52]]
equityzen [["greenhouse", 200, "https://boards-api.greenhouse.io/v1/boards/equityzen/jobs?content=true", 11067], ["smartrecruiters", 200, "https://api.smartrecruiters.com/v1/companies/equityzen/postings", 52]]
etermax [["smartrecruiters", 200, "https://api.smartrecruiters.com/v1/companies/etermax/postings", 52]]
ethereum-foundation [["ashby", 200, "https://api.ashbyhq.com/posting-api/job-board/ethereum-foundation?includeCompensation=true", 28], ["smartrecruiters", 200, "https://api.smartrecruiters.com/v1/companies/ethereum-foundation/postings", 52]]
ethos-life [["smartrecruiters", 200, "https://api.smartrecruiters.com/v1/companies/ethos-life/postings", 52]]
ermetic [["smartrecruiters", 200, "https://api.smartrecruiters.com/v1/companies/ermetic/postings", 52]]
euler-motors [["smartrecruiters", 200, "https://api.smartrecruiters.com/v1/companies/euler-motors/postings", 52]]
esh-group [["smartrecruiters", 200, "https://api.smartrecruiters.com/v1/companies/esh-group/postings", 52]]
etoro [["smartrecruiters", 200, "https://api.smartrecruiters.com/v1/companies/etoro/postings", 52]]
eventbrite [["smartrecruiters", 200, "https://api.smartrecruiters.com/v1/companies/eventbrite/postings", 52]]
everc [["smartrecruiters", 200, "https://api.smartrecruiters.com/v1/companies/everc/postings", 52]]
evgo [["smartrecruiters", 200, "https://api.smartrecruiters.com/v1/companies/evgo/postings", 52]]
everledger [["smartrecruiters", 200, "https://api.smartrecruiters.com/v1/companies/everledger/postings", 52]]
everlane [["greenhouse", 200, "https://boards-api.greenhouse.io/v1/boards/everlane/jobs?content=true", 309429], ["smartrecruiters", 200, "https://api.smartrecruiters.com/v1/companies/everlane/postings", 52]]
evernote [["smartrecruiters", 200, "https://api.smartrecruiters.com/v1/companies/evernote/postings", 52]]
evbox [["smartrecruiters", 200, "https://api.smartrecruiters.com/v1/companies/evbox/postings", 52]]
eviation-aircraft [["smartrecruiters", 200, "https://api.smartrecruiters.com/v1/companies/eviation-aircraft/postings", 52]]
eventus [["smartrecruiters", 200, "https://api.smartrecruiters.com/v1/companies/eventus/postings", 52]]
everybuddy [["smartrecruiters", 200, "https://api.smartrecruiters.com/v1/companies/everybuddy/postings", 52]]
evolve [["ashby", 200, "https://api.ashbyhq.com/posting-api/job-board/evolve?includeCompensation=true", 34293], ["smartrecruiters", 200, "https://api.smartrecruiters.com/v1/companies/evolve/postings", 52]]
everquote [["greenhouse", 200, "https://boards-api.greenhouse.io/v1/boards/everquote/jobs?content=true", 44220], ["smartrecruiters", 200, "https://api.smartrecruiters.com/v1/companies/everquote/postings", 52]]
exabeam [["greenhouse", 200, "https://boards-api.greenhouse.io/v1/boards/exabeam/jobs?content=true", 30], ["smartrecruiters", 200, "https://api.smartrecruiters.com/v1/companies/exabeam/postings", 52]]
examedi [["smartrecruiters", 200, "https://api.smartrecruiters.com/v1/companies/examedi/postings", 52]]
everbridge [["lever", 200, "https://api.lever.co/v0/postings/everbridge?mode=json", 258045], ["ashby", 200, "https://api.ashbyhq.com/posting-api/job-board/everbridge?includeCompensation=true", 28], ["smartrecruiters", 200, "https://api.smartrecruiters.com/v1/companies/everbridge/postings", 52]]
everlaw [["greenhouse", 200, "https://boards-api.greenhouse.io/v1/boards/everlaw/jobs?content=true", 487111], ["smartrecruiters", 200, "https://api.smartrecruiters.com/v1/companies/everlaw/postings", 52]]
exodus [["smartrecruiters", 200, "https://api.smartrecruiters.com/v1/companies/exodus/postings", 52]]
ezcater [["lever", 200, "https://api.lever.co/v0/postings/ezcater?mode=json", 2], ["smartrecruiters", 200, "https://api.smartrecruiters.com/v1/companies/ezcater/postings", 52]]
exotel [["smartrecruiters", 200, "https://api.smartrecruiters.com/v1/companies/exotel/postings", 52]]
f-secure [["smartrecruiters", 200, "https://api.smartrecruiters.com/v1/companies/f-secure/postings", 52]]
expel [["greenhouse", 200, "https://boards-api.greenhouse.io/v1/boards/expel/jobs?content=true", 61532], ["smartrecruiters", 200, "https://api.smartrecruiters.com/v1/companies/expel/postings", 52]]
eyowo [["smartrecruiters", 200, "https://api.smartrecruiters.com/v1/companies/eyowo/postings", 52]]
extramarks [["smartrecruiters", 200, "https://api.smartrecruiters.com/v1/companies/extramarks/postings", 52]]
ezoic [["smartrecruiters", 200, "https://api.smartrecruiters.com/v1/companies/ezoic/postings", 52]]
exterro [["smartrecruiters", 200, "https://api.smartrecruiters.com/v1/companies/exterro/postings", 52]]
extrahop [["smartrecruiters", 200, "https://api.smartrecruiters.com/v1/companies/extrahop/postings", 52]]
exosonic [["smartrecruiters", 200, "https://api.smartrecruiters.com/v1/companies/exosonic/postings", 52]]
eyeem [["smartrecruiters", 200, "https://api.smartrecruiters.com/v1/companies/eyeem/postings", 52]]
expert360 [["smartrecruiters", 200, "https://api.smartrecruiters.com/v1/companies/expert360/postings", 52]]
expedia [["smartrecruiters", 200, "https://api.smartrecruiters.com/v1/companies/expedia/postings", 52]]
fabhotels [["smartrecruiters", 200, "https://api.smartrecruiters.com/v1/companies/fabhotels/postings", 52]]
f5 [["smartrecruiters", 200, "https://api.smartrecruiters.com/v1/companies/f5/postings", 52]]
fareportal [["smartrecruiters", 200, "https://api.smartrecruiters.com/v1/companies/fareportal/postings", 52]]
factorial [["smartrecruiters", 200, "https://api.smartrecruiters.com/v1/companies/factorial/postings", 52]]
fable [["ashby", 200, "https://api.ashbyhq.com/posting-api/job-board/fable?includeCompensation=true", 112238], ["smartrecruiters", 200, "https://api.smartrecruiters.com/v1/companies/fable/postings", 52]]
facily [["smartrecruiters", 200, "https://api.smartrecruiters.com/v1/companies/facily/postings", 52]]
fandom [["greenhouse", 200, "https://boards-api.greenhouse.io/v1/boards/fandom/jobs?content=true", 54292], ["smartrecruiters", 200, "https://api.smartrecruiters.com/v1/companies/fandom/postings", 52]]
fareye [["smartrecruiters", 200, "https://api.smartrecruiters.com/v1/companies/fareye/postings", 52]]
fabric [["smartrecruiters", 200, "https://api.smartrecruiters.com/v1/companies/fabric/postings", 52], ["gem", 200, "https://api.gem.com/job_board/v0/fabric/job_posts/", 14136], ["rippling", 200, "https://ats.rippling.com/en-CA/fabric/jobs", 187457]]
fast [["smartrecruiters", 200, "https://api.smartrecruiters.com/v1/companies/fast/postings", 52]]
fate-therapeutics [["smartrecruiters", 200, "https://api.smartrecruiters.com/v1/companies/fate-therapeutics/postings", 52]]
fanduel [["greenhouse", 200, "https://boards-api.greenhouse.io/v1/boards/fanduel/jobs?content=true", 1143052], ["smartrecruiters", 200, "https://api.smartrecruiters.com/v1/companies/fanduel/postings", 52]]
favo [["smartrecruiters", 200, "https://api.smartrecruiters.com/v1/companies/favo/postings", 52]]
faze-medicines [["smartrecruiters", 200, "https://api.smartrecruiters.com/v1/companies/faze-medicines/postings", 52]]
fashinza [["smartrecruiters", 200, "https://api.smartrecruiters.com/v1/companies/fashinza/postings", 52]]
fanclash [["smartrecruiters", 200, "https://api.smartrecruiters.com/v1/companies/fanclash/postings", 52]]
feather [["smartrecruiters", 200, "https://api.smartrecruiters.com/v1/companies/feather/postings", 52]]
fastly [["greenhouse", 200, "https://boards-api.greenhouse.io/v1/boards/fastly/jobs?content=true", 923206], ["smartrecruiters", 200, "https://api.smartrecruiters.com/v1/companies/fastly/postings", 52]]
fifth-season [["smartrecruiters", 200, "https://api.smartrecruiters.com/v1/companies/fifth-season/postings", 52]]
finite-state [["smartrecruiters", 200, "https://api.smartrecruiters.com/v1/companies/finite-state/postings", 52]]
filmic [["smartrecruiters", 200, "https://api.smartrecruiters.com/v1/companies/filmic/postings", 52]]
feedzai [["greenhouse", 200, "https://boards-api.greenhouse.io/v1/boards/feedzai/jobs?content=true", 376877], ["smartrecruiters", 200, "https://api.smartrecruiters.com/v1/companies/feedzai/postings", 52]]
figure [["greenhouse", 200, "https://boards-api.greenhouse.io/v1/boards/figure/jobs?content=true", 181304], ["ashby", 200, "https://api.ashbyhq.com/posting-api/job-board/figure?includeCompensation=true", 28], ["smartrecruiters", 200, "https://api.smartrecruiters.com/v1/companies/figure/postings", 52]]
fi-money [["smartrecruiters", 200, "https://api.smartrecruiters.com/v1/companies/fi-money/postings", 52]]
femtech-health [["smartrecruiters", 200, "https://api.smartrecruiters.com/v1/companies/femtech-health/postings", 52]]
farfetch [["lever", 200, "https://api.lever.co/v0/postings/farfetch?mode=json", 785273], ["smartrecruiters", 200, "https://api.smartrecruiters.com/v1/companies/farfetch/postings", 52]]
finleap-connect [["smartrecruiters", 200, "https://api.smartrecruiters.com/v1/companies/finleap-connect/postings", 52]]
fipola [["smartrecruiters", 200, "https://api.smartrecruiters.com/v1/companies/fipola/postings", 52]]
fintechos [["smartrecruiters", 200, "https://api.smartrecruiters.com/v1/companies/fintechos/postings", 52]]
finastra [["smartrecruiters", 200, "https://api.smartrecruiters.com/v1/companies/finastra/postings", 52]]
fetch [["greenhouse", 200, "https://boards-api.greenhouse.io/v1/boards/fetch/jobs?content=true", 745443], ["smartrecruiters", 200, "https://api.smartrecruiters.com/v1/companies/fetch/postings", 52], ["gem", 200, "https://api.gem.com/job_board/v0/fetch/job_posts/", 1175076]]
fireblocks [["greenhouse", 200, "https://boards-api.greenhouse.io/v1/boards/fireblocks/jobs?content=true", 565924], ["smartrecruiters", 200, "https://api.smartrecruiters.com/v1/companies/fireblocks/postings", 52]]
firework [["smartrecruiters", 200, "https://api.smartrecruiters.com/v1/companies/firework/postings", 52]]
firebolt [["smartrecruiters", 200, "https://api.smartrecruiters.com/v1/companies/firebolt/postings", 52]]
first-mode [["smartrecruiters", 200, "https://api.smartrecruiters.com/v1/companies/first-mode/postings", 52]]
firehydrant [["smartrecruiters", 200, "https://api.smartrecruiters.com/v1/companies/firehydrant/postings", 52], ["rippling", 200, "https://ats.rippling.com/en-CA/firehydrant/jobs", 187537]]
fission [["smartrecruiters", 200, "https://api.smartrecruiters.com/v1/companies/fission/postings", 52]]
fit-analytics [["smartrecruiters", 200, "https://api.smartrecruiters.com/v1/companies/fit-analytics/postings", 52]]
fishbrain [["smartrecruiters", 200, "https://api.smartrecruiters.com/v1/companies/fishbrain/postings", 52]]
fittr [["smartrecruiters", 200, "https://api.smartrecruiters.com/v1/companies/fittr/postings", 52]]
fisker [["smartrecruiters", 200, "https://api.smartrecruiters.com/v1/companies/fisker/postings", 52]]
first-aml [["smartrecruiters", 200, "https://api.smartrecruiters.com/v1/companies/first-aml/postings", 52]]
fiverr [["smartrecruiters", 200, "https://api.smartrecruiters.com/v1/companies/fiverr/postings", 3545]]
flatiron-health [["smartrecruiters", 200, "https://api.smartrecruiters.com/v1/companies/flatiron-health/postings", 52]]
flash-coffee [["smartrecruiters", 200, "https://api.smartrecruiters.com/v1/companies/flash-coffee/postings", 52]]
filevine [["lever", 200, "https://api.lever.co/v0/postings/filevine?mode=json", 1513907], ["smartrecruiters", 200, "https://api.smartrecruiters.com/v1/companies/filevine/postings", 52]]
flexcar [["smartrecruiters", 200, "https://api.smartrecruiters.com/v1/companies/flexcar/postings", 52]]
flatiron-school [["smartrecruiters", 200, "https://api.smartrecruiters.com/v1/companies/flatiron-school/postings", 52], ["rippling", 200, "https://ats.rippling.com/en-CA/flatiron-school/jobs", 189584]]
flightstats [["smartrecruiters", 200, "https://api.smartrecruiters.com/v1/companies/flightstats/postings", 52]]
flexe [["greenhouse", 200, "https://boards-api.greenhouse.io/v1/boards/flexe/jobs?content=true", 30], ["smartrecruiters", 200, "https://api.smartrecruiters.com/v1/companies/flexe/postings", 52]]
fiscalnote [["lever", 200, "https://api.lever.co/v0/postings/fiscalnote?mode=json", 326384], ["smartrecruiters", 200, "https://api.smartrecruiters.com/v1/companies/fiscalnote/postings", 52]]
flex-ai [["smartrecruiters", 200, "https://api.smartrecruiters.com/v1/companies/flex-ai/postings", 52]]
flink [["ashby", 200, "https://api.ashbyhq.com/posting-api/job-board/flink?includeCompensation=true", 9372], ["smartrecruiters", 200, "https://api.smartrecruiters.com/v1/companies/flink/postings", 52]]
flex [["greenhouse", 200, "https://boards-api.greenhouse.io/v1/boards/flex/jobs?content=true", 604183], ["smartrecruiters", 200, "https://api.smartrecruiters.com/v1/companies/flex/postings", 52]]
